// Jest Snapshot v1, https://goo.gl/fbAQLP

exports[`navbar renders correctly 1`] = `
<div>
  <div
    class="navbar"
  >
    <div
      class="navbar-content"
    >
      <h1>
        CaféShop
      </h1>
      <div
        class="navbar-links"
      >
        <a
          class="link"
          href="#"
        >
          Home
        </a>
        <a
          class="link current"
          href="#"
        >
          Shop
        </a>
      </div>
    </div>
  </div>
</div>
`;

exports[`navbar renders the cart component if it's passed as a prop 1`] = `
<div>
  <div
    class="navbar"
  >
    <div
      class="navbar-content"
    >
      <h1>
        CaféShop
      </h1>
      <div
        class="navbar-links"
      >
        <a
          class="link"
          href="#"
        >
          Home
        </a>
        <a
          class="link current"
          href="#"
        >
          Shop
        </a>
      </div>
    </div>
  </div>
</div>
`;

exports[`product renders the product 1`] = `
<div>
  <div
    class="navbar"
  >
    <div
      class="navbar-content"
    >
      <h1>
        CaféShop
      </h1>
      <div
        class="navbar-links"
      >
        <a
          class="link"
          href="#"
        >
          Home
        </a>
        <a
          class="link current"
          href="#"
        >
          Shop
        </a>
      </div>
    </div>
  </div>
</div>
`;
