// Jest Snapshot v1, https://goo.gl/fbAQLP

exports[`cart opens the cart modal 1`] = `
<div>
  <div
    class="cart"
  >
    <div
      class="cart-modal"
    >
      <div
        class="cart-modal-content"
      >
        <div
          class="cart-modal-nav"
        >
          <svg
            class="btn-back"
            fill="currentColor"
            height="1em"
            stroke="currentColor"
            stroke-width="0"
            viewBox="0 0 512 512"
            width="1em"
            xmlns="http://www.w3.org/2000/svg"
          >
            <path
              d="M401.4 224h-214l83-79.4c11.9-12.5 11.9-32.7 0-45.2s-31.2-12.5-43.2 0L89 233.4c-6 5.8-9 13.7-9 22.4v.4c0 8.7 3 16.6 9 22.4l138.1 134c12 12.5 31.3 12.5 43.2 0 11.9-12.5 11.9-32.7 0-45.2l-83-79.4h214c16.9 0 30.6-14.3 30.6-32 .1-18-13.6-32-30.5-32z"
            />
          </svg>
          <div
            class="cart-modal-title"
          >
            My Cart
          </div>
        </div>
        <div
          class="cart-modal-product-list"
        >
          <div
            class="cart-product"
          >
            <div
              class="cart-product-img"
            >
              <img
                alt=""
                src="breville.png"
              />
            </div>
            <div
              class="cart-product-name"
            >
              Product 1
            </div>
            <div
              class="cart-product-price"
            >
              $
              10
              .00
            </div>
            <div
              class="cart-product-buttons"
            >
              <div
                class="product-amount-btn"
              >
                -
              </div>
              <div
                class="product-amount"
              >
                1
              </div>
              <div
                class="product-amount-btn"
              >
                +
              </div>
              <svg
                class="delete-icon"
                fill="currentColor"
                height="1em"
                stroke="currentColor"
                stroke-width="0"
                viewBox="0 0 24 24"
                width="1em"
                xmlns="http://www.w3.org/2000/svg"
              >
                <path
                  d="M0 0h24v24H0V0z"
                  fill="none"
                />
                <path
                  d="M6 19c0 1.1.9 2 2 2h8c1.1 0 2-.9 2-2V7H6v12zM8 9h8v10H8V9zm7.5-5l-1-1h-5l-1 1H5v2h14V4z"
                />
              </svg>
            </div>
          </div>
          <div
            class="cart-product"
          >
            <div
              class="cart-product-img"
            >
              <img
                alt=""
                src="nesspresso-kups.png"
              />
            </div>
            <div
              class="cart-product-name"
            >
              Kups
            </div>
            <div
              class="cart-product-price"
            >
              $
              149
              .00
            </div>
            <div
              class="cart-product-buttons"
            >
              <div
                class="product-amount-btn"
              >
                -
              </div>
              <div
                class="product-amount"
              >
                2
              </div>
              <div
                class="product-amount-btn"
              >
                +
              </div>
              <svg
                class="delete-icon"
                fill="currentColor"
                height="1em"
                stroke="currentColor"
                stroke-width="0"
                viewBox="0 0 24 24"
                width="1em"
                xmlns="http://www.w3.org/2000/svg"
              >
                <path
                  d="M0 0h24v24H0V0z"
                  fill="none"
                />
                <path
                  d="M6 19c0 1.1.9 2 2 2h8c1.1 0 2-.9 2-2V7H6v12zM8 9h8v10H8V9zm7.5-5l-1-1h-5l-1 1H5v2h14V4z"
                />
              </svg>
            </div>
          </div>
        </div>
        <div
          class="cart-modal-info"
        >
          <div
            class="cart-modal-amount"
          >
            3
             items
          </div>
          <div
            class="cart-modal-total"
          >
            $
            308
            .00
          </div>
        </div>
      </div>
    </div>
  </div>
</div>
`;

exports[`cart renders the cart icon 1`] = `
<div>
  <div
    class="cart"
  >
    <div
      class="cart-icon"
    >
      <svg
        class="icon"
        fill="currentColor"
        height="1em"
        stroke="currentColor"
        stroke-width="0"
        viewBox="0 0 16 16"
        width="1em"
        xmlns="http://www.w3.org/2000/svg"
      >
        <path
          d="M8 1a2 2 0 0 0-2 2v2H5V3a3 3 0 1 1 6 0v2h-1V3a2 2 0 0 0-2-2zM5 5H3.36a1.5 1.5 0 0 0-1.483 1.277L.85 13.13A2.5 2.5 0 0 0 3.322 16h9.355a2.5 2.5 0 0 0 2.473-2.87l-1.028-6.853A1.5 1.5 0 0 0 12.64 5H11v1.5a.5.5 0 0 1-1 0V5H6v1.5a.5.5 0 0 1-1 0V5z"
        />
      </svg>
      <div
        class="cart-icon__product-ammount"
      >
        <div>
          3
        </div>
      </div>
    </div>
  </div>
</div>
`;
